// Vitest Snapshot v1, https://vitest.dev/guide/snapshot.html

exports[`List testing > Default 1`] = `
<body>
  <div>
    <div
      class="yc-list"
      tabindex="-1"
    >
      <div
        class="yc-list__filter _list__filter_cedae6"
      >
        <span
          class="yc-text-input yc-text-input_view_normal yc-text-input_size_m yc-text-input_pin_round-round"
        >
          <span
            class="yc-text-input__content"
          >
            <input
              class="yc-text-input__control yc-text-input__control_type_input"
              placeholder="Search"
              value=""
            />
          </span>
        </span>
      </div>
      <div
        class="yc-list__items _list_cedae6"
        role="list"
        style="height: 32px;"
      >
        <div>
          <div
            aria-selected="false"
            class="yc-list__item _list__row_cedae6"
            id="yc-uniq-1-item-0"
            role="listitem"
            style="height: 244px;"
          >
            <div
              class="yc-list__item-content"
            >
              <div
                class="_list__item_cedae6"
              >
                <svg
                  aria-hidden="true"
                  class="yc-icon _list__check-icon_cedae6 _list__check-icon--invisible_cedae6"
                  fill="currentColor"
                  height="16"
                  stroke="none"
                  width="16"
                  xmlns="http://www.w3.org/2000/svg"
                  xmlns:xlink="http://www.w3.org/1999/xlink"
                >
                  <svg
                    fill="none"
                    viewBox="0 0 16 16"
                    xmlns="http://www.w3.org/2000/svg"
                  >
                    <path
                      clip-rule="evenodd"
                      d="M13.488 3.43a.75.75 0 0 1 .081 1.058l-6 7a.75.75 0 0 1-1.1.042l-3.5-3.5A.75.75 0 0 1 4.03 6.97l2.928 2.927 5.473-6.385a.75.75 0 0 1 1.057-.081Z"
                      fill="currentColor"
                      fill-rule="evenodd"
                    />
                  </svg>
                </svg>
                <span>
                  1
                </span>
              </div>
            </div>
          </div>
          <div
            aria-selected="false"
            class="yc-list__item _list__row_cedae6"
            id="yc-uniq-1-item-1"
            role="listitem"
            style="height: 244px;"
          >
            <div
              class="yc-list__item-content"
            >
              <div
                class="_list__item_cedae6"
              >
                <svg
                  aria-hidden="true"
                  class="yc-icon _list__check-icon_cedae6 _list__check-icon--invisible_cedae6"
                  fill="currentColor"
                  height="16"
                  stroke="none"
                  width="16"
                  xmlns="http://www.w3.org/2000/svg"
                  xmlns:xlink="http://www.w3.org/1999/xlink"
                >
                  <svg
                    fill="none"
                    viewBox="0 0 16 16"
                    xmlns="http://www.w3.org/2000/svg"
                  >
                    <path
                      clip-rule="evenodd"
                      d="M13.488 3.43a.75.75 0 0 1 .081 1.058l-6 7a.75.75 0 0 1-1.1.042l-3.5-3.5A.75.75 0 0 1 4.03 6.97l2.928 2.927 5.473-6.385a.75.75 0 0 1 1.057-.081Z"
                      fill="currentColor"
                      fill-rule="evenodd"
                    />
                  </svg>
                </svg>
                <span>
                  2
                </span>
              </div>
            </div>
          </div>
          <div
            aria-selected="false"
            class="yc-list__item _list__row_cedae6"
            id="yc-uniq-1-item-2"
            role="listitem"
            style="height: 244px;"
          >
            <div
              class="yc-list__item-content"
            >
              <div
                class="_list__item_cedae6"
              >
                <svg
                  aria-hidden="true"
                  class="yc-icon _list__check-icon_cedae6 _list__check-icon--visible_cedae6"
                  fill="currentColor"
                  height="16"
                  stroke="none"
                  width="16"
                  xmlns="http://www.w3.org/2000/svg"
                  xmlns:xlink="http://www.w3.org/1999/xlink"
                >
                  <svg
                    fill="none"
                    viewBox="0 0 16 16"
                    xmlns="http://www.w3.org/2000/svg"
                  >
                    <path
                      clip-rule="evenodd"
                      d="M13.488 3.43a.75.75 0 0 1 .081 1.058l-6 7a.75.75 0 0 1-1.1.042l-3.5-3.5A.75.75 0 0 1 4.03 6.97l2.928 2.927 5.473-6.385a.75.75 0 0 1 1.057-.081Z"
                      fill="currentColor"
                      fill-rule="evenodd"
                    />
                  </svg>
                </svg>
                <span>
                  3
                </span>
              </div>
            </div>
          </div>
        </div>
      </div>
    </div>
  </div>
</body>
`;
