// Vitest Snapshot v1, https://vitest.dev/guide/snapshot.html

exports[`ProjectReportsDelete > Default view 1`] = `
<body
  style="overflow: hidden;"
>
  <div />
  <div
    class="yc-modal yc-modal_open yc-modal_appear yc-modal_appear_active"
  >
    <div
      class="yc-modal__table"
    >
      <div
        class="yc-modal__cell"
      >
        <div
          aria-modal="true"
          class="yc-modal__content _modal-window_7c8f2c"
          role="dialog"
          tabindex="-1"
        >
          <span
            class="yc-text yc-text_variant_body-1 _subheader-3_f0ca78 _modal-window__title_7c8f2c"
          >
            title
          </span>
          <div
            class="_content_567e75"
          >
            <span
              class="yc-text yc-text_variant_body-1 _body-2_f0ca78"
            />
            <div
              class="_project-reports_567e75"
            >
              <div
                class="yc-label yc-label_theme_normal yc-label_size_m yc-label_type_default _project-reports__report_567e75"
              >
                <div
                  class="yc-label__text"
                >
                  <div
                    class="yc-label__content"
                  >
                    Test report 1
                  </div>
                </div>
              </div>
            </div>
          </div>
          <div
            class="_buttons-wrapper_567e75"
          >
            <button
              class="yc-button yc-button_view_action yc-button_size_xl yc-button_pin_round-round _btn--primary_212512 _buttons-wrapper__action-button_567e75"
              type="button"
            >
              <span
                class="yc-button__text"
              >
                button-action
              </span>
            </button>
            <button
              class="yc-button yc-button_view_normal yc-button_size_xl yc-button_pin_round-round"
              type="button"
            >
              <span
                class="yc-button__text"
              >
                button-cancel
              </span>
            </button>
          </div>
        </div>
      </div>
    </div>
  </div>
</body>
`;

exports[`ProjectReportsDelete > Multiple view 1`] = `
<body
  style="overflow: hidden;"
>
  <div />
  <div
    class="yc-modal yc-modal_open yc-modal_appear yc-modal_appear_active"
  >
    <div
      class="yc-modal__table"
    >
      <div
        class="yc-modal__cell"
      >
        <div
          aria-modal="true"
          class="yc-modal__content _modal-window_7c8f2c"
          role="dialog"
          tabindex="-1"
        >
          <span
            class="yc-text yc-text_variant_body-1 _subheader-3_f0ca78 _modal-window__title_7c8f2c"
          >
            title
          </span>
          <div
            class="_content_567e75"
          >
            <span
              class="yc-text yc-text_variant_body-1 _body-2_f0ca78"
            />
            <div
              class="_project-reports_567e75"
            >
              <div
                class="yc-label yc-label_theme_normal yc-label_size_m yc-label_type_default _project-reports__report_567e75"
              >
                <div
                  class="yc-label__text"
                >
                  <div
                    class="yc-label__content"
                  >
                    Test report 1
                  </div>
                </div>
              </div>
            </div>
          </div>
          <div
            class="_buttons-wrapper_567e75"
          >
            <button
              class="yc-button yc-button_view_action yc-button_size_xl yc-button_pin_round-round _btn--primary_212512 _buttons-wrapper__action-button_567e75"
              type="button"
            >
              <span
                class="yc-button__text"
              >
                button-action
              </span>
            </button>
            <button
              class="yc-button yc-button_view_normal yc-button_size_xl yc-button_pin_round-round"
              type="button"
            >
              <span
                class="yc-button__text"
              >
                button-cancel
              </span>
            </button>
          </div>
        </div>
      </div>
    </div>
  </div>
  <div />
  <div
    class="yc-modal yc-modal_open yc-modal_appear yc-modal_appear_active"
  >
    <div
      class="yc-modal__table"
    >
      <div
        class="yc-modal__cell"
      >
        <div
          aria-modal="true"
          class="yc-modal__content _modal-window_7c8f2c"
          role="dialog"
          tabindex="-1"
        >
          <span
            class="yc-text yc-text_variant_body-1 _subheader-3_f0ca78 _modal-window__title_7c8f2c"
          >
            title
          </span>
          <div
            class="_content_567e75"
          >
            <span
              class="yc-text yc-text_variant_body-1 _body-2_f0ca78"
            />
          </div>
          <div
            class="_buttons-wrapper_567e75"
          >
            <button
              class="yc-button yc-button_view_action yc-button_size_xl yc-button_pin_round-round _btn--primary_212512 _buttons-wrapper__action-button_567e75"
              type="button"
            >
              <span
                class="yc-button__text"
              >
                button-action
              </span>
            </button>
            <button
              class="yc-button yc-button_view_normal yc-button_size_xl yc-button_pin_round-round"
              type="button"
            >
              <span
                class="yc-button__text"
              >
                button-cancel
              </span>
            </button>
          </div>
        </div>
      </div>
    </div>
  </div>
</body>
`;
